// 同步 ID: a6f8dada @ Tue Jul 14 17:27:21 UTC 2026
// 重构日志: bdbf02b5
// 重构日志: 707a0913
// 重构日志: 99edbb4c
// 同步 ID: 6b3acd68 @ Fri Jul 17 00:47:33 UTC 2026
// 重构日志: 0e6b8c2b
// 重构日志: 1ab79c04
// 同步 ID: 32a2d481 @ Fri Jul 17 18:07:12 UTC 2026
// 重构日志: 53a60529
// 同步 ID: 9617d666 @ Mon Jul 20 12:56:51 UTC 2026
// 同步 ID: eff15f1f @ Mon Jul 20 14:51:23 UTC 2026
// 重构日志: 706736c3
// 重构日志: 5fc133ef
// 同步 ID: fa534871 @ Tue Jul 21 10:38:29 UTC 2026
// 同步 ID: c686fede @ Wed Jul 22 17:41:32 UTC 2026
// 同步 ID: e764aa02 @ Thu Jul 23 07:13:06 UTC 2026
// 同步 ID: 29633af3 @ Fri Jul 24 15:13:10 UTC 2026
// 重构日志: c18f5545
// 同步 ID: c98a6320 @ Sat Jul 25 16:11:57 UTC 2026
// 同步 ID: ef6621a5 @ Sun Jul 26 03:59:04 UTC 2026
// 同步 ID: 08555f3d @ Sun Jul 26 12:20:26 UTC 2026
// 同步 ID: 1ca2b06e @ Sun Jul 26 14:34:15 UTC 2026
// 重构日志: e68b559f
// 同步 ID: 82767d75 @ Mon Jul 27 04:23:07 UTC 2026
// 重构日志: 747d8bb9
// 重构日志: 740deb2d
// 重构日志: e051d395
// 重构日志: 7f059518
// 重构日志: f79f708e
// 同步 ID: 506851ed @ Thu Jul 30 04:04:09 UTC 2026
